// Jest Snapshot v1, https://goo.gl/fbAQLP

exports[`it renders a snapshot 1`] = `
<div
  className="card"
>
  <div
    className="card-body"
  >
    <img
      alt="Github avatar"
      className="card-img-top"
      src=""
    />
    <div
      className="card-title h5"
    >
      <h2 />
    </div>
    <p
      className="card-text"
    />
  </div>
</div>
`;
